// Jest Snapshot v1, https://goo.gl/fbAQLP

exports[`Testing in <MoodScreen /> should show the screen correctly 1`] = `
<Fragment>
  <div
    className="container mb-5"
  >
    <h1>
      Estado de animo
    </h1>
    <h3
      key="01"
    >
      Indique su respuesta de acuerdo a los siguientes valores:
    </h3>
    <p
      className="lead"
      key="02"
    >
      5 - Siempre , 4 - Casi siempre, 3 - En ocasiones, 2 - Casi nunca, 1 - Nunca 
    </p>
    <QuestionnaireAnx
      action={[Function]}
      key="0"
      number={1}
      question="¿Ha tenido disminución de la necesidad de dormir? p. ej., se siente
  descansado después de sólo tres horas de sueño"
    />
    <QuestionnaireAnx
      action={[Function]}
      key="1"
      number={2}
      question="¿Casi todos los días ha tenido fugas de ideas o sensaciones donde
  sus pensamientos van a gran velocidad?"
    />
    <QuestionnaireAnx
      action={[Function]}
      key="2"
      number={3}
      question="¿Los delirios o alucinaciones están presentes en cualquier momento
  de casi todos tus días?"
    />
    <QuestionnaireAnx
      action={[Function]}
      key="3"
      number={4}
      question="¿Casi todos los días tiene facilidad de distraerse? (es decir, su
    atención cambia demasiado fácilmente a estímulos como poco
    importantes o irrelevantes)"
    />
    <QuestionnaireAnx
      action={[Function]}
      key="4"
      number={5}
      question="¿Últimamente suele ser más hablador de lo habitual o siente presión
  para mantener la conversación?"
    />
    <QuestionnaireAnx
      action={[Function]}
      key="5"
      number={6}
      question="¿Casi todos los días ha tenido un aumento repentino de autoestima
  o sentimiento de grandeza?"
    />
    <QuestionnaireAnx
      action={[Function]}
      key="6"
      number={7}
      question="¿Ha tenido casi todos los días participación excesiva en actividades
  que tienen muchas posibilidades de consecuencias dolorosas? (p.
  ej., dedicarse de forma desenfrenada a compras, fiestas de excesos,
  o inversiones de dinero imprudentes)"
    />
    <QuestionnaireAnx
      action={[Function]}
      key="7"
      number={8}
      question="¿Ha tenido últimamente días donde tiene importantes y persistentes
  de estados de ánimo anormalmente elevados, expansivos o
  irritables, así como aumento anormal de la actividad o la energía
  que predomina en usted?"
    />
    <QuestionnaireAnx
      action={[Function]}
      key="8"
      number={9}
      question="¿Casi todos los días siente que podría perder el control de sí mismo?"
    />
    <QuestionnaireAnx
      action={[Function]}
      key="9"
      number={10}
      question="¿Casi todos los días duda de sus capacidades, logros, etc.?"
    />
    <div
      className="d-flex justify-content-end"
    >
      <button
        className="btn btn-secondary me-3"
        id="btn-cancel"
        onClick={[Function]}
        style={
          Object {
            "backgroundColor": "#607D8B",
          }
        }
        type="button"
      >
        Cancelar
      </button>
      <button
        className="btn btn-secondary"
        id="btn-send"
        onClick={[Function]}
        style={
          Object {
            "backgroundColor": "#607D8B",
          }
        }
        type="button"
      >
        Enviar
      </button>
    </div>
  </div>
</Fragment>
`;
